17:30:33 **** Auto Build of configuration Debug for project minute_timer ****
make pre-build main-build 
a9-linaro-pre-build-step
' '
'Building file: ../src/timer.c'
'Invoking: ARM v7 gcc compiler'
arm-none-eabi-gcc -Wall -O0 -g3 -c -fmessage-length=0 -MT"src/timer.o" -mcpu=cortex-a9 -mfpu=vfpv3 -mfloat-abi=hard -I../../minute_timer_bsp/ps7_cortexa9_0/include -MMD -MP -MF"src/timer.d" -MT"src/timer.o" -o "src/timer.o" "../src/timer.c"
In file included from ../src/timer.c:8:0:
../src/timer.c: In function 'main':
../../minute_timer_bsp/ps7_cortexa9_0/include/xparameters.h:239:32: warning: large integer implicitly truncated to unsigned type [-Woverflow]
 #define XPAR_SWITCHES_BASEADDR 0x41200000
                                ^
../src/timer.c:90:30: note: in expansion of macro 'XPAR_SWITCHES_BASEADDR'
    XGpio_Initialize(&output, XPAR_SWITCHES_BASEADDR);
                              ^~~~~~~~~~~~~~~~~~~~~~
'Finished building: ../src/timer.c'
' '
'Building target: minute_timer.elf'
'Invoking: ARM v7 gcc linker'
arm-none-eabi-gcc -mcpu=cortex-a9 -mfpu=vfpv3 -mfloat-abi=hard -Wl,-build-id=none -specs=Xilinx.spec -Wl,-T -Wl,../src/lscript.ld -L../../minute_timer_bsp/ps7_cortexa9_0/lib -o "minute_timer.elf"  ./src/timer.o   -Wl,--start-group,-lxil,-lgcc,-lc,--end-group
'Finished building target: minute_timer.elf'
' '
'Invoking: ARM v7 Print Size'
arm-none-eabi-size minute_timer.elf  |tee "minute_timer.elf.size"
   text	   data	    bss	    dec	    hex	filename
  25284	   1204	  22664	  49152	   c000	minute_timer.elf
'Finished building: minute_timer.elf.size'
' '

17:30:34 Build Finished (took 904ms)

